 // src/__snapshots__/App.test.js.snap
    
    // Jest Snapshot v1, https://goo.gl/fbAQLP
    
    exports[`App component matches the snapshot 1`] = `
    <div>
      <p>
        Count: 
        0
      </p>
      <button
        className="increment"
        onClick={[Function]}
      >
        Increment count
      </button>
      <button
        className="decrement"
        onClick={[Function]}
      >
        Decrement count
      </button>
    </div>